[    0.000000] Initializing cgroup subsys cpuset
[    0.000000] Initializing cgroup subsys cpu
[    0.000000] Initializing cgroup subsys cpuacct
[    0.000000] Linux version 4.4.0-134-generic (buildd@lgw01-amd64-033) (gcc version 5.4.0 20160609 (Ubuntu 5.4.0-6ubuntu1~16.04.10) ) #160-Ubuntu SMP Wed Aug 15 14:58:00 UTC 2018 (Ubuntu 4.4.0-134.160-generic 4.4.140)
[    0.000000] Command line: BOOT_IMAGE=/boot/vmlinuz-4.4.0-134-generic root=LABEL=cloudimg-rootfs ro console=tty1 console=ttyS0
[    0.000000] KERNEL supported cpus:
[    0.000000]   Intel GenuineIntel
[    0.000000]   AMD AuthenticAMD
[    0.000000]   Centaur CentaurHauls
[    0.000000] x86/fpu: xstate_offset[2]:  576, xstate_sizes[2]:  256
[    0.000000] x86/fpu: Supporting XSAVE feature 0x01: 'x87 floating point registers'
[    0.000000] x86/fpu: Supporting XSAVE feature 0x02: 'SSE registers'
[    0.000000] x86/fpu: Supporting XSAVE feature 0x04: 'AVX registers'
[    0.000000] x86/fpu: Enabled xstate features 0x7, context size is 832 bytes, using 'standard' format.
[    0.000000] e820: BIOS-provided physical RAM map:
[    0.000000] BIOS-e820: [mem 0x0000000000000000-0x000000000009fbff] usable
[    0.000000] BIOS-e820: [mem 0x000000000009fc00-0x000000000009ffff] reserved
[    0.000000] BIOS-e820: [mem 0x00000000000f0000-0x00000000000fffff] reserved
[    0.000000] BIOS-e820: [mem 0x0000000000100000-0x000000003ffeffff] usable
[    0.000000] BIOS-e820: [mem 0x000000003fff0000-0x000000003fffffff] ACPI data
[    0.000000] BIOS-e820: [mem 0x00000000fec00000-0x00000000fec00fff] reserved
[    0.000000] BIOS-e820: [mem 0x00000000fee00000-0x00000000fee00fff] reserved
[    0.000000] BIOS-e820: [mem 0x00000000fffc0000-0x00000000ffffffff] reserved
[    0.000000] NX (Execute Disable) protection: active
[    0.000000] SMBIOS 2.5 present.
[    0.000000] Hypervisor detected: KVM
[    0.000000] e820: last_pfn = 0x3fff0 max_arch_pfn = 0x400000000
[    0.000000] MTRR: Disabled
[    0.000000] x86/PAT: MTRRs disabled, skipping PAT initialization too.
[    0.000000] CPU MTRRs all blank - virtualized system.
[    0.000000] x86/PAT: Configuration [0-7]: WB  WT  UC- UC  WB  WT  UC- UC  
[    0.000000] found SMP MP-table at [mem 0x0009fff0-0x0009ffff] mapped at [ffff88000009fff0]
[    0.000000] Scanning 1 areas for low memory corruption
[    0.000000] RAMDISK: [mem 0x3630c000-0x3717dfff]
[    0.000000] ACPI: Early table checksum verification disabled
[    0.000000] ACPI: RSDP 0x00000000000E0000 000024 (v02 VBOX  )
[    0.000000] ACPI: XSDT 0x000000003FFF0030 00003C (v01 VBOX   VBOXXSDT 00000001 ASL  00000061)
[    0.000000] ACPI: FACP 0x000000003FFF00F0 0000F4 (v04 VBOX   VBOXFACP 00000001 ASL  00000061)
[    0.000000] ACPI: DSDT 0x000000003FFF0470 0021FF (v02 VBOX   VBOXBIOS 00000002 INTL 20100528)
[    0.000000] ACPI: FACS 0x000000003FFF0200 000040
[    0.000000] ACPI: FACS 0x000000003FFF0200 000040
[    0.000000] ACPI: APIC 0x000000003FFF0240 00005C (v02 VBOX   VBOXAPIC 00000001 ASL  00000061)
[    0.000000] ACPI: SSDT 0x000000003FFF02A0 0001CC (v01 VBOX   VBOXCPUT 00000002 INTL 20100528)
[    0.000000] No NUMA configuration found
[    0.000000] Faking a node at [mem 0x0000000000000000-0x000000003ffeffff]
[    0.000000] NODE_DATA(0) allocated [mem 0x3ffeb000-0x3ffeffff]
[    0.000000] kvm-clock: Using msrs 4b564d01 and 4b564d00
[    0.000000] kvm-clock: cpu 0, msr 0:3ffe3001, primary cpu clock
[    0.000000] kvm-clock: using sched offset of 4378690566 cycles
[    0.000000] clocksource: kvm-clock: mask: 0xffffffffffffffff max_cycles: 0x1cd42e4dffb, max_idle_ns: 881590591483 ns
[    0.000000] Zone ranges:
[    0.000000]   DMA      [mem 0x0000000000001000-0x0000000000ffffff]
[    0.000000]   DMA32    [mem 0x0000000001000000-0x000000003ffeffff]
[    0.000000]   Normal   empty
[    0.000000]   Device   empty
[    0.000000] Movable zone start for each node
[    0.000000] Early memory node ranges
[    0.000000]   node   0: [mem 0x0000000000001000-0x000000000009efff]
[    0.000000]   node   0: [mem 0x0000000000100000-0x000000003ffeffff]
[    0.000000] Initmem setup node 0 [mem 0x0000000000001000-0x000000003ffeffff]
[    0.000000] ACPI: PM-Timer IO Port: 0x4008
[    0.000000] IOAPIC[0]: apic_id 2, version 32, address 0xfec00000, GSI 0-23
[    0.000000] ACPI: INT_SRC_OVR (bus 0 bus_irq 0 global_irq 2 dfl dfl)
[    0.000000] ACPI: INT_SRC_OVR (bus 0 bus_irq 9 global_irq 9 high level)
[    0.000000] Using ACPI (MADT) for SMP configuration information
[    0.000000] smpboot: Allowing 2 CPUs, 0 hotplug CPUs
[    0.000000] PM: Registered nosave memory: [mem 0x00000000-0x00000fff]
[    0.000000] PM: Registered nosave memory: [mem 0x0009f000-0x0009ffff]
[    0.000000] PM: Registered nosave memory: [mem 0x000a0000-0x000effff]
[    0.000000] PM: Registered nosave memory: [mem 0x000f0000-0x000fffff]
[    0.000000] e820: [mem 0x40000000-0xfebfffff] available for PCI devices
[    0.000000] Booting paravirtualized kernel on KVM
[    0.000000] clocksource: refined-jiffies: mask: 0xffffffff max_cycles: 0xffffffff, max_idle_ns: 7645519600211568 ns
[    0.000000] setup_percpu: NR_CPUS:512 nr_cpumask_bits:512 nr_cpu_ids:2 nr_node_ids:1
[    0.000000] PERCPU: Embedded 34 pages/cpu @ffff88003fc00000 s99544 r8192 d31528 u1048576
[    0.000000] PV qspinlock hash table entries: 256 (order: 0, 4096 bytes)
[    0.000000] Built 1 zonelists in Node order, mobility grouping on.  Total pages: 257912
[    0.000000] Policy zone: DMA32
[    0.000000] Kernel command line: BOOT_IMAGE=/boot/vmlinuz-4.4.0-134-generic root=LABEL=cloudimg-rootfs ro console=tty1 console=ttyS0
[    0.000000] PID hash table entries: 4096 (order: 3, 32768 bytes)
[    0.000000] Memory: 997724K/1048120K available (8554K kernel code, 1314K rwdata, 4004K rodata, 1516K init, 1316K bss, 50396K reserved, 0K cma-reserved)
[    0.000000] SLUB: HWalign=64, Order=0-3, MinObjects=0, CPUs=2, Nodes=1
[    0.000000] Kernel/User page tables isolation: enabled
[    0.000000] Hierarchical RCU implementation.
[    0.000000] 	Build-time adjustment of leaf fanout to 64.
[    0.000000] 	RCU restricting CPUs from NR_CPUS=512 to nr_cpu_ids=2.
[    0.000000] RCU: Adjusting geometry for rcu_fanout_leaf=64, nr_cpu_ids=2
[    0.000000] NR_IRQS:33024 nr_irqs:440 16
[    0.000000] Console: colour VGA+ 80x25
[    0.000000] console [tty1] enabled
[    0.000000] console [ttyS0] enabled
[    0.000000] tsc: Detected 1899.999 MHz processor
[    5.141836] Calibrating delay loop (skipped) preset value.. 3799.99 BogoMIPS (lpj=7599996)
[    5.204564] pid_max: default: 32768 minimum: 301
[    5.236113] ACPI: Core revision 20150930
[    5.261448] ACPI: 2 ACPI AML tables successfully acquired and loaded
[    5.314980] Security Framework initialized
[    5.323932] Yama: becoming mindful.
[    5.364565] AppArmor: AppArmor initialized
[    5.388881] Dentry cache hash table entries: 131072 (order: 8, 1048576 bytes)
[    5.418238] Inode-cache hash table entries: 65536 (order: 7, 524288 bytes)
[    5.450799] Mount-cache hash table entries: 2048 (order: 2, 16384 bytes)
[    5.481555] Mountpoint-cache hash table entries: 2048 (order: 2, 16384 bytes)
[    5.491036] Initializing cgroup subsys io
[    5.500933] Initializing cgroup subsys memory
[    5.503210] Initializing cgroup subsys devices
[    5.526793] Initializing cgroup subsys freezer
[    5.540175] Initializing cgroup subsys net_cls
[    5.552902] Initializing cgroup subsys perf_event
[    5.562642] Initializing cgroup subsys net_prio
[    5.574861] Initializing cgroup subsys hugetlb
[    5.592080] Initializing cgroup subsys pids
[    5.615895] mce: CPU supports 0 MCE banks
[    5.620726] Last level iTLB entries: 4KB 1024, 2MB 1024, 4MB 1024
[    5.644988] Last level dTLB entries: 4KB 1024, 2MB 1024, 4MB 1024, 1GB 4
[    5.667988] Spectre V2 : Mitigation: Full generic retpoline
[    5.681608] Spectre V2 : Speculation control IBPB not-supported IBRS not-supported
[    5.698076] Speculative Store Bypass: Vulnerable
[    5.707893] Freeing SMP alternatives memory: 32K
[    5.737665] ftrace: allocating 32266 entries in 127 pages
[    5.851612] smpboot: APIC(0) Converting physical 0 to logical package 0
[    5.877561] smpboot: Max logical packages: 1
[    5.884915] x2apic enabled
[    5.887938] Switched APIC routing to physical x2apic.
[    5.918509] ..TIMER: vector=0x30 apic1=0 pin1=2 apic2=-1 pin2=-1
[    6.075674] smpboot: CPU0: Intel(R) Core(TM) i5-4250U CPU @ 1.30GHz (family: 0x6, model: 0x45, stepping: 0x1)
[    6.166212] Performance Events: unsupported p6 CPU model 69 no PMU driver, software events only.
[    6.263054] KVM setup paravirtual spinlock
[    6.298117] x86: Booting SMP configuration:
[    6.332744] .... node  #0, CPUs:      #1
[    6.357160] kvm-clock: cpu 1, msr 0:3ffe3041, secondary cpu clock
[    6.388252] mce: CPU supports 0 MCE banks
[    6.398958] x86: Booted up 1 node, 2 CPUs
[    6.412176] smpboot: Total of 2 processors activated (7599.99 BogoMIPS)
[    6.450473] devtmpfs: initialized
[    6.474700] evm: security.selinux
[    6.494098] evm: security.SMACK64
[    6.498313] evm: security.SMACK64EXEC
[    6.508940] evm: security.SMACK64TRANSMUTE
[    6.519806] evm: security.SMACK64MMAP
[    6.529306] evm: security.ima
[    6.534340] evm: security.capability
[    6.551491] clocksource: jiffies: mask: 0xffffffff max_cycles: 0xffffffff, max_idle_ns: 7645041785100000 ns
[    6.582206] futex hash table entries: 512 (order: 3, 32768 bytes)
[    6.595526] pinctrl core: initialized pinctrl subsystem
[    6.605514] RTC time: 11:22:18, date: 09/04/18
[    6.614037] NET: Registered protocol family 16
[    6.636269] cpuidle: using governor ladder
[    6.655894] cpuidle: using governor menu
[    6.664528] PCCT header not found.
[    6.674840] ACPI: bus type PCI registered
[    6.683191] acpiphp: ACPI Hot Plug PCI Controller Driver version: 0.5
[    6.708848] PCI: Using configuration type 1 for base access
[    6.775468] ACPI: Added _OSI(Module Device)
[    6.808714] ACPI: Added _OSI(Processor Device)
[    6.854708] ACPI: Added _OSI(3.0 _SCP Extensions)
[    6.897242] ACPI: Added _OSI(Processor Aggregator Device)
[    6.900695] ACPI: Executed 1 blocks of module-level executable AML code
[    6.969103] ACPI: Interpreter enabled
[    7.005074] ACPI: (supports S0 S5)
[    7.024784] ACPI: Using IOAPIC for interrupt routing
[    7.048541] PCI: Using host bridge windows from ACPI; if necessary, use "pci=nocrs" and report a bug
[    7.096996] ACPI: PCI Root Bridge [PCI0] (domain 0000 [bus 00-ff])
[    7.144763] acpi PNP0A03:00: _OSC: OS supports [ASPM ClockPM Segments MSI]
[    7.213333] acpi PNP0A03:00: _OSC: not requesting OS control; OS requires [ExtendedConfig ASPM ClockPM MSI]
[    7.299716] acpi PNP0A03:00: fail to add MMCONFIG information, can't access extended PCI configuration space under this bridge.
[    7.388230] PCI host bridge to bus 0000:00
[    7.407264] pci_bus 0000:00: root bus resource [io  0x0000-0x0cf7 window]
[    7.456960] pci_bus 0000:00: root bus resource [io  0x0d00-0xffff window]
[    7.550401] pci_bus 0000:00: root bus resource [mem 0x000a0000-0x000bffff window]
[    7.621134] pci_bus 0000:00: root bus resource [mem 0x40000000-0xffdfffff window]
[    7.691809] pci_bus 0000:00: root bus resource [bus 00-ff]
[    7.706836] pci 0000:00:01.1: legacy IDE quirk: reg 0x10: [io  0x01f0-0x01f7]
[    7.718102] pci 0000:00:01.1: legacy IDE quirk: reg 0x14: [io  0x03f6]
[    7.727506] pci 0000:00:01.1: legacy IDE quirk: reg 0x18: [io  0x0170-0x0177]
[    7.741904] pci 0000:00:01.1: legacy IDE quirk: reg 0x1c: [io  0x0376]
[    7.809352] pci 0000:00:07.0: quirk: [io  0x4000-0x403f] claimed by PIIX4 ACPI
[    7.867950] pci 0000:00:07.0: quirk: [io  0x4100-0x410f] claimed by PIIX4 SMB
[    7.906677] ACPI: PCI Interrupt Link [LNKA] (IRQs 5 9 10 *11)
[    7.961740] ACPI: PCI Interrupt Link [LNKB] (IRQs 5 9 10 *11)
[    8.001845] ACPI: PCI Interrupt Link [LNKC] (IRQs 5 9 *10 11)
[    8.061190] ACPI: PCI Interrupt Link [LNKD] (IRQs 5 *9 10 11)
[    8.109277] ACPI: Enabled 2 GPEs in block 00 to 07
[    8.132206] vgaarb: setting as boot device: PCI:0000:00:02.0
[    8.154021] vgaarb: device added: PCI:0000:00:02.0,decodes=io+mem,owns=io+mem,locks=none
[    8.205068] vgaarb: loaded
[    8.229875] vgaarb: bridge control possible 0000:00:02.0
[    8.236697] SCSI subsystem initialized
[    8.262362] ACPI: bus type USB registered
[    8.309665] usbcore: registered new interface driver usbfs
[    8.314082] usbcore: registered new interface driver hub
[    8.342347] usbcore: registered new device driver usb
[    8.376983] PCI: Using ACPI for IRQ routing
[    8.403292] NetLabel: Initializing
[    8.445264] NetLabel:  domain hash size = 128
[    8.481955] NetLabel:  protocols = UNLABELED CIPSOv4
[    8.526717] NetLabel:  unlabeled traffic allowed by default
[    8.536243] amd_nb: Cannot enumerate AMD northbridges
[    8.565718] clocksource: Switched to clocksource kvm-clock
[    8.632961] AppArmor: AppArmor Filesystem Enabled
[    8.654645] pnp: PnP ACPI init
[    8.671657] pnp: PnP ACPI: found 3 devices
[    8.761344] clocksource: acpi_pm: mask: 0xffffff max_cycles: 0xffffff, max_idle_ns: 2085701024 ns
[    8.890052] NET: Registered protocol family 2
[    8.899327] TCP established hash table entries: 8192 (order: 4, 65536 bytes)
[    8.902596] TCP bind hash table entries: 8192 (order: 5, 131072 bytes)
[    8.976998] TCP: Hash tables configured (established 8192 bind 8192)
[    9.054860] UDP hash table entries: 512 (order: 2, 16384 bytes)
[    9.087733] UDP-Lite hash table entries: 512 (order: 2, 16384 bytes)
[    9.167732] NET: Registered protocol family 1
[    9.232941] pci 0000:00:00.0: Limiting direct PCI/PCI transfers
[    9.253468] pci 0000:00:01.0: Activating ISA DMA hang workarounds
[    9.256580] Unpacking initramfs...
[    9.677377] Freeing initrd memory: 14792K
[    9.721325] RAPL PMU detected, API unit is 2^-32 Joules, 4 fixed counters 10737418240 ms ovfl timer
[    9.826600] hw unit of domain pp0-core 2^-0 Joules
[    9.873852] hw unit of domain package 2^-0 Joules
[    9.945966] hw unit of domain dram 2^-0 Joules
[    9.978303] hw unit of domain pp1-gpu 2^-0 Joules
[   10.033151] platform rtc_cmos: registered platform RTC device (no PNP device found)
[   10.083163] Scanning for low memory corruption every 60 seconds
[   10.094195] audit: initializing netlink subsys (disabled)
[   10.128777] audit: type=2000 audit(1536060140.103:1): initialized
[   10.170705] Initialise system trusted keyring
[   10.180913] HugeTLB registered 2 MB page size, pre-allocated 0 pages
[   10.200714] zbud: loaded
[   10.232259] VFS: Disk quotas dquot_6.6.0
[   10.292873] VFS: Dquot-cache hash table entries: 512 (order 0, 4096 bytes)
[   10.555752] squashfs: version 4.0 (2009/01/31) Phillip Lougher
[   10.627699] fuse init (API version 7.23)
[   10.684882] Key type big_key registered
[   10.784085] Allocating IMA MOK and blacklist keyrings.
[   10.819226] Key type asymmetric registered
[   10.839866] Asymmetric key parser 'x509' registered
[   10.862622] Block layer SCSI generic (bsg) driver version 0.4 loaded (major 249)
[   10.895989] io scheduler noop registered
[   10.921957] io scheduler deadline registered (default)
[   10.964292] io scheduler cfq registered
[   10.986979] pci_hotplug: PCI Hot Plug PCI Core version: 0.5
[   11.014355] pciehp: PCI Express Hot Plug Controller Driver version: 0.4
[   11.029863] tsc: Refined TSC clocksource calibration: 1899.254 MHz
[   11.029867] clocksource: tsc: mask: 0xffffffffffffffff max_cycles: 0x36c0d638882, max_idle_ns: 881590408293 ns
[   11.310748] ACPI: AC Adapter [AC] (off-line)
[   11.332969] input: Power Button as /devices/LNXSYSTM:00/LNXPWRBN:00/input/input0
[   11.345074] ACPI: Power Button [PWRF]
[   11.355101] input: Sleep Button as /devices/LNXSYSTM:00/LNXSLPBN:00/input/input1
[   11.380852] ACPI: Sleep Button [SLPF]
[   11.388886] GHES: HEST is not enabled!
[   11.391328] ACPI: Battery Slot [BAT0] (battery present)
[   11.415272] Serial: 8250/16550 driver, 32 ports, IRQ sharing enabled
[   11.513144] 00:02: ttyS0 at I/O 0x3f8 (irq = 4, base_baud = 115200) is a 16550A
[   11.549876] Linux agpgart interface v0.103
[   11.584202] loop: module loaded
[   11.600614] scsi host0: ata_piix
[   11.614092] scsi host1: ata_piix
[   11.619526] ata1: PATA max UDMA/33 cmd 0x1f0 ctl 0x3f6 bmdma 0xd000 irq 14
[   11.657399] ata2: PATA max UDMA/33 cmd 0x170 ctl 0x376 bmdma 0xd008 irq 15
[   11.661177] libphy: Fixed MDIO Bus: probed
[   11.674909] tun: Universal TUN/TAP device driver, 1.6
[   11.685536] tun: (C) 1999-2004 Max Krasnyansky <maxk@qualcomm.com>
[   11.692035] PPP generic driver version 2.4.2
[   11.701975] ehci_hcd: USB 2.0 'Enhanced' Host Controller (EHCI) Driver
[   11.707227] ehci-pci: EHCI PCI platform driver
[   11.715787] ehci-platform: EHCI generic platform driver
[   11.735774] ohci_hcd: USB 1.1 'Open' Host Controller (OHCI) Driver
[   11.752705] ohci-pci: OHCI PCI platform driver
[   11.758838] ohci-platform: OHCI generic platform driver
[   11.772587] uhci_hcd: USB Universal Host Controller Interface driver
[   11.797458] i8042: PNP: PS/2 Controller [PNP0303:PS2K,PNP0f03:PS2M] at 0x60,0x64 irq 1,12
[   11.814204] serio: i8042 KBD port at 0x60,0x64 irq 1
[   11.825845] serio: i8042 AUX port at 0x60,0x64 irq 12
[   11.839363] mousedev: PS/2 mouse device common for all mice
[   11.856551] input: AT Translated Set 2 keyboard as /devices/platform/i8042/serio0/input/input2
[   11.862774] rtc_cmos rtc_cmos: rtc core: registered rtc_cmos as rtc0
[   11.862876] rtc_cmos rtc_cmos: alarms up to one day, 114 bytes nvram
[   11.862889] i2c /dev entries driver
[   11.862965] device-mapper: uevent: version 1.0.3
[   11.863041] device-mapper: ioctl: 4.34.0-ioctl (2015-10-28) initialised: dm-devel@redhat.com
[   11.863067] ledtrig-cpu: registered to indicate activity on CPUs
[   11.906318] NET: Registered protocol family 10
[   11.906597] NET: Registered protocol family 17
[   11.906614] Key type dns_resolver registered
[   11.907021] registered taskstats version 1
[   11.907036] Loading compiled-in X.509 certificates
[   11.907838] Loaded X.509 cert 'Build time autogenerated kernel key: 4eb3d024ac16f76c1747ffd474694c84db21038b'
[   11.907860] zswap: loaded using pool lzo/zbud
[   11.910157] Key type trusted registered
[   11.914581] Key type encrypted registered
[   11.914591] AppArmor: AppArmor sha1 policy hashing enabled
[   11.914594] ima: No TPM chip found, activating TPM-bypass!
[   11.914602] ima: Allocated hash algorithm: sha1
[   11.914617] evm: HMAC attrs: 0x1
[   11.915019]   Magic number: 2:307:377
[   11.915053] acpi PNP0700:00: hash matches
[   11.931219] rtc_cmos rtc_cmos: setting system clock to 2018-09-04 11:22:24 UTC (1536060144)
[   11.931365] BIOS EDD facility v0.16 2004-Jun-25, 0 devices found
[   11.931366] EDD information not available.
[   12.884939] Freeing unused kernel memory: 1516K
[   12.902089] Write protecting the kernel read-only data: 14336k
[   12.931195] Freeing unused kernel memory: 1672K
[   12.944997] Freeing unused kernel memory: 92K
Loading, please wait...
[   13.038303] random: systemd-udevd: uninitialized urandom read (16 bytes read, 4 bits of entropy available)
starting version[   13.039179] random: udevadm: uninitialized urandom read (16 bytes read, 4 bits of entropy available)
 229
[   13.039208] random: udevadm: uninitialized urandom read (16 bytes read, 4 bits of entropy available)
[   13.056143] random: udevadm: uninitialized urandom read (16 bytes read, 4 bits of entropy available)
[   13.056211] random: udevadm: uninitialized urandom read (16 bytes read, 4 bits of entropy available)
[   13.056446] random: udevadm: uninitialized urandom read (16 bytes read, 4 bits of entropy available)
[   13.056535] random: udevadm: uninitialized urandom read (16 bytes read, 4 bits of entropy available)
[   13.056626] random: udevadm: uninitialized urandom read (16 bytes read, 4 bits of entropy available)
[   13.056714] random: udevadm: uninitialized urandom read (16 bytes read, 4 bits of entropy available)
[   13.056801] random: udevadm: uninitialized urandom read (16 bytes read, 4 bits of entropy available)
[   14.464140] Fusion MPT base driver 3.04.20
[   14.496004] Copyright (c) 1999-2008 LSI Corporation
[   14.566082] e1000: Intel(R) PRO/1000 Network Driver - version 7.3.21-k8-NAPI
[   14.594392] e1000: Copyright (c) 1999-2006 Intel Corporation.
[   14.668408] AVX version of gcm_enc/dec engaged.
[   14.793896] AES CTR mode by8 optimization enabled
[   14.818217] Fusion MPT SPI Host driver 3.04.20
[   14.872253] input: ImExPS/2 Generic Explorer Mouse as /devices/platform/i8042/serio1/input/input4
[   15.704908] e1000 0000:00:03.0 eth0: (PCI:33MHz:32-bit) 02:1d:76:b3:3c:fe
[   15.709765] e1000 0000:00:03.0 eth0: Intel(R) PRO/1000 Network Connection
[   15.758444] mptbase: ioc0: Initiating bringup
[   15.766185] e1000 0000:00:03.0 enp0s3: renamed from eth0
[   15.842632] ioc0: LSI53C1030 A0: Capabilities={Initiator}
[   16.055256] scsi host2: ioc0: LSI53C1030 A0, FwRev=00000000h, Ports=1, MaxQ=256, IRQ=20
[   16.226776] scsi 2:0:0:0: Direct-Access     VBOX     HARDDISK         1.0  PQ: 0 ANSI: 5
[   16.246435] scsi target2:0:0: Beginning Domain Validation
[   16.253875] scsi target2:0:0: Domain Validation skipping write tests
[   16.260369] scsi target2:0:0: Ending Domain Validation
[   16.262965] scsi target2:0:0: asynchronous
[   16.280346] scsi 2:0:1:0: Direct-Access     VBOX     HARDDISK         1.0  PQ: 0 ANSI: 5
[   16.286910] scsi target2:0:1: Beginning Domain Validation
[   16.293503] scsi target2:0:1: Domain Validation skipping write tests
[   16.330746] scsi target2:0:1: Ending Domain Validation
[   16.333216] scsi target2:0:1: asynchronous
[   16.350718] sd 2:0:0:0: Attached scsi generic sg0 type 0
[   16.406061] sd 2:0:0:0: [sda] 20971520 512-byte logical blocks: (10.7 GB/10.0 GiB)
[   16.406248] sd 2:0:1:0: Attached scsi generic sg1 type 0
[   16.406577] sd 2:0:1:0: [sdb] 20480 512-byte logical blocks: (10.5 MB/10.0 MiB)
[   16.406884] sd 2:0:1:0: [sdb] Write Protect is off
[   16.407130] sd 2:0:1:0: [sdb] Incomplete mode parameter data
[   16.407132] sd 2:0:1:0: [sdb] Assuming drive cache: write through
[   16.411672] sd 2:0:1:0: [sdb] Attached SCSI disk
[   16.678780] sd 2:0:0:0: [sda] Write Protect is off
[   16.723113] sd 2:0:0:0: [sda] Incomplete mode parameter data
[   16.747649] sd 2:0:0:0: [sda] Assuming drive cache: write through
[   16.875116]  sda: sda1
[   16.945576] sd 2:0:0:0: [sda] Attached SCSI disk
Begin: Loading essential drivers[   18.824728] md: linear personality registered for level -1
 ... [   18.875635] md: multipath personality registered for level -4
[   18.898340] md: raid0 personality registered for level 0
[   18.913988] md: raid1 personality registered for level 1
[   19.010013] raid6: sse2x1   gen()  6061 MB/s
[   19.105968] raid6: sse2x1   xor()  4272 MB/s
[   19.213918] raid6: sse2x2   gen()  7023 MB/s
[   19.290131] raid6: sse2x2   xor()  4819 MB/s
[   19.390129] raid6: sse2x4   gen()  8458 MB/s
[   19.482130] raid6: sse2x4   xor()  6024 MB/s
[   19.499451] raid6: using algorithm sse2x4 gen() 8458 MB/s
[   19.520696] raid6: .... xor() 6024 MB/s, rmw enabled
[   19.536903] raid6: using ssse3x2 recovery algorithm
[   19.565754] xor: automatically using best checksumming function:
[   19.625838]    avx       : 15211.000 MB/sec
[   19.654825] async_tx: api initialized (async)
[   19.673441] md: raid6 personality registered for level 6
[   19.726646] md: raid5 personality registered for level 5
[   19.784215] md: raid4 personality registered for level 4
[   19.888008] md: raid10 personality registered for level 10
done.
Begin: Running /scripts/init-premount ... done[   19.997741] Btrfs loaded
.
Begin: Mounting root file system ... Begin: Running /scripts/local-top ... done.
Begin: Running /scripts/local-premount ... Scanning for Btrfs filesystems
done.
Warning: [   20.081087] EXT4-fs (sda1): mounted filesystem with ordered data mode. Opts: (null)
fsck not present, so skipping root file system
done.
Begin: Running /scripts/local-bottom ... done.
Begin: Running /scripts/init-bottom ... done.
[   20.325981] systemd[1]: systemd 229 running in system mode. (+PAM +AUDIT +SELINUX +IMA +APPARMOR +SMACK +SYSVINIT +UTMP +LIBCRYPTSETUP +GCRYPT +GNUTLS +ACL +XZ -LZ4 +SECCOMP +BLKID +ELFUTILS +KMOD -IDN)
[   20.698091] systemd[1]: Detected virtualization oracle.
[   20.729612] systemd[1]: Detected architecture x86-64.

Welcome to [1mUbuntu 16.04.5 LTS[0m!

[   20.787379] systemd[1]: Set hostname to <ubuntu-xenial>.
[   21.296104] systemd[1]: Listening on Journal Socket (/dev/log).
[[0;32m  OK  [0m] Listening on Journal Socket (/dev/log).
[   21.466959] systemd[1]: Listening on udev Kernel Socket.
[[0;32m  OK  [0m] Listening on udev Kernel Socket.
[   21.542919] systemd[1]: Started Trigger resolvconf update for networkd DNS.
[[0;32m  OK  [0m] Started Trigger resolvconf update for networkd DNS.
[   21.662504] systemd[1]: Reached target System Time Synchronized.
[[0;32m  OK  [0m] Reached target System Time Synchronized.
[   21.787227] systemd[1]: Listening on /dev/initctl Compatibility Named Pipe.
[[0;32m  OK  [0m] Listening on /dev/initctl Compatibility Named Pipe.
[   21.918997] systemd[1]: Reached target Swap.
[[0;32m  OK  [0m] Reached target Swap.
[   22.023645] systemd[1]: Created slice System Slice.
[[0;32m  OK  [0m] Created slice System Slice.
[   22.138269] systemd[1]: Listening on Journal Audit Socket.
[[0;32m  OK  [0m] Listening on Journal Audit Socket.
[   22.267051] systemd[1]: Reached target User and Group Name Lookups.
[[0;32m  OK  [0m] Reached target User and Group Name Lookups.
[   22.368151] systemd[1]: Listening on udev Control Socket.
[[0;32m  OK  [0m] Listening on udev Control Socket.
[   22.430378] systemd[1]: Started Forward Password Requests to Wall Directory Watch.
[[0;32m  OK  [0m] Started Forward Password Requests to Wall Directory Watch.
[   22.578903] systemd[1]: Set up automount Arbitrary Executable File Formats File System Automount Point.
[[0;32m  OK  [0m] Set up automount Arbitrary Executab...ats File System Automount Point.
[   22.846662] systemd[1]: Listening on LVM2 poll daemon socket.
[[0;32m  OK  [0m] Listening on LVM2 poll daemon socket.
[   23.023505] systemd[1]: Created slice User and Session Slice.
[[0;32m  OK  [0m] Created slice User and Session Slice.
[   23.146557] systemd[1]: Reached target Slices.
[[0;32m  OK  [0m] Reached target Slices.
[   23.274890] systemd[1]: Listening on Journal Socket.
[[0;32m  OK  [0m] Listening on Journal Socket.
[   23.419205] systemd[1]: Starting Load Kernel Modules...
[   23.421534] random: nonblocking pool is initialized
[   23.483092] Loading iSCSI transport class v2.0-870.
         Starting Load Kernel Mo[   23.509908] iscsi: registered transport (tcp)
dules...
[   23.626305] systemd[1]: Starting Remount Root and Kernel File Systems...
         Starting Remount Root a[   23.675068] EXT4-fs (sda1): re-mounted. Opts: (null)
nd Kernel File S[   23.708844] iscsi: registered transport (iser)
ystems...
[   23.838574] systemd[1]: Starting Uncomplicated firewall...
         Starting Uncomplicated firewall...
[   23.942588] systemd[1]: Starting Nameserver information manager...
         Starting Nameserver information manager...
[   24.114194] systemd[1]: Mounting Debug File System...
         Mounting Debug File System...
[   24.198840] systemd[1]: Starting Create list of required static device nodes for the current kernel...
         Starting Create list of required st... nodes for the current kernel...
[   24.354968] systemd[1]: Starting Set console keymap...
         Starting Set console keymap...
[   24.481989] systemd[1]: Mounting Huge Pages File System...
         Mounting Huge Pages File System...
[   24.594546] systemd[1]: Listening on Syslog Socket.
[[0;32m  OK  [0m] Listening on Syslog Socket.
[   24.706485] systemd[1]: Starting Journal Service...
         Starting Journal Service...
[   24.846114] systemd[1]: Mounting POSIX Message Queue File System...
         Mounting POSIX Message Queue File System...
[   24.986780] systemd[1]: Reached target Encrypted Volumes.
[[0;32m  OK  [0m] Reached target Encrypted Volumes.
[   25.104714] systemd[1]: Created slice system-serial\x2dgetty.slice.
[[0;32m  OK  [0m] Created slice system-serial\x2dgetty.slice.
[   25.187338] systemd[1]: Listening on Device-mapper event daemon FIFOs.
[[0;32m  OK  [0m] Listening on Device-mapper event daemon FIFOs.
[   25.271745] systemd[1]: Listening on LVM2 metadata daemon socket.
[[0;32m  OK  [0m] Listening on LVM2 metadata daemon socket.
[   25.352817] systemd[1]: Starting Monitoring of LVM2 mirrors, snapshots etc. using dmeventd or progress polling...
         Starting Monitoring of LVM2 mirrors... dmeventd or progress polling...
[   25.455038] systemd[1]: Mounted Debug File System.
[[0;32m  OK  [0m] Mounted Debug File System.
[   25.563087] systemd[1]: Mounted Huge Pages File System.
[[0;32m  OK  [0m] Mounted Huge Pages File System.
[   25.659020] systemd[1]: Mounted POSIX Message Queue File System.
[[0;32m  OK  [0m] Mounted POSIX Message Queue File System.
[   25.758774] systemd[1]: Started Journal Service.
[[0;32m  OK  [0m] Started Journal Service.
[[0;32m  OK  [0m] Started Load Kernel Modules.
[[0;32m  OK  [0m] Started Remount Root and Kernel File Systems.
[[0;32m  OK  [0m] Started Uncomplicated firewall.
[[0;32m  OK  [0m] Started Create list of required sta...ce nodes for the current kernel.
[[0;32m  OK  [0m] Started Set console keymap.
[[0;32m  OK  [0m] Started Nameserver information manager.
[[0;32m  OK  [0m] Started LVM2 metadata daemon.
         Starting Create Static Device Nodes in /dev...
         Starting Load/Save Random Seed...
         Starting udev Coldplug all Devices...
         Mounting FUSE Control File System...
         Starting Apply Kernel Variables...
         Starting Flush Journal to Persistent Storage...
[[0;32m  OK  [0m] Mounted FUSE Control File System.
[[0;32m  OK  [0m] Started Monitoring of LVM2 mirrors,...ng dmeventd or progress polling.
[[0;32m  OK  [0m] Started Create Static Device Nodes in /dev.
[[0;32m  OK  [0m] Started Load/Save Random Seed.
[[0;32m  OK  [0m] Started Apply Kernel Variables.
[[0;32m  OK  [0m] Started udev Coldplug all Devices.
         Starting udev Kernel Device Manager...
[[0;32m  OK  [0m] Started Flush Journal to Persistent Storage.
[[0;32m  OK  [0m] Started udev Kernel Device Manager.
[[0;32m  OK  [0m] Reached target Local File Systems (Pre).
[[0;32m  OK  [0m] Reached target Local File Systems.
         Starting Set console font and keymap...
         Starting Tell Plymouth To Write Out Runtime Data...
         Starting LSB: AppArmor initialization...
         Starting Initial cloud-init job (pre-networking)...
[[0;32m  OK  [0m] Started Dispatch Password Requests to Console Directory Watch.
         Starting Create Volatile Files and Directories...
[[0;32m  OK  [0m] Started Tell Plymouth To Write Out Runtime Data.
[[0;32m  OK  [0m] Started Create Volatile Files and Directories.
[[0;32m  OK  [0m] Found device /dev/ttyS0.
[[0;32m  OK  [0m] Started LSB: AppArmor initialization.
[[0;32m  OK  [0m] Listening on Load/Save RF Kill Switch Status /dev/rfkill Watch.
         Starting Update UTMP about System Boot/Shutdown...
[   21.912993] cloud-init[517]: Cloud-init v. 18.3-9-g2e62cb8a-0ubuntu1~16.04.2 running 'init-local' at Tue, 04 Sep 2018 11:22:41 +0000. Up 21.39 seconds.
[[0;32m  OK  [0m] Started Set console font and keymap.
[[0;32m  OK  [0m] Started Initial cloud-init job (pre-networking).
[[0;32m  OK  [0m] Reached target Network (Pre).
         Starting Raise network interfaces...
[[0;32m  OK  [0m] Started ifup for enp0s3.
[[0;32m  OK  [0m] Created slice system-getty.slice.
[[0;32m  OK  [0m] Started Update UTMP about System Boot/Shutdown.
[[0;32m  OK  [0m] Started Raise network interfaces.
[[0;32m  OK  [0m] Reached target Network.
         Starting Initial cloud-init job (metadata service crawler)...
[   23.863348] cloud-init[968]: Cloud-init v. 18.3-9-g2e62cb8a-0ubuntu1~16.04.2 running 'init' at Tue, 04 Sep 2018 11:22:43 +0000. Up 23.15 seconds.
[   23.949084] cloud-init[968]: ci-info: ++++++++++++++++++++++++++++++++++++++Net device info++++++++++++++++++++++++++++++++++++++
[[0;32m  OK  [0m] Started Initial cloud-init job (metadata service crawler).
[[0;32m  OK  [0m] Reached target Network is Online.
[   24.027844] cloud-init[968]: ci-info: +--------+------+----------------------------+---------------+--------+-------------------+
[   24.241304]          cloud-initStarting iSCSI initiator daemon (iscsid)...[968]: 
ci-info: | Device |  Up  |          Address           |      Mask     | Scope  |     Hw-Address    |
[   24.397292] [cloud-init[0;32m  OK  [0m[968]: ] ci-info: +--------+------+----------------------------+---------------+--------+-------------------+Reached target Cloud-config availability.

[[0;32m  OK  [0m] Reached target System Initialization.
[[0;32m  OK  [0m] Listening on ACPID Listen Socket.
[   24.399037] cloud-init[968]: ci-info: | enp0s3 | True |         10.0.2.15          | 255.255.255.0 | global | 02:1d:76:b3:3c:fe |
[   24.729247] [cloud-init[0;32m  OK  [0m[968]: ] ci-info: | enp0s3 | True | fe80::1d:76ff:feb3:3cfe/64 |       .       |  link  | 02:1d:76:b3:3c:fe |Listening on UUID daemon activation socket.

[   24.730511] [cloud-init[0;32m  OK  [0m[968]: ] ci-info: |   lo   | True |         127.0.0.1          |   255.0.0.0   |  host  |         .         |Started Daily Cleanup of Temporary Directories.

         Starting LXD - unix socket.
[[0;32m  OK  [0m] Listening on D-Bus System Message Bus Socket.
[[0;32m  OK  [0m] Started ACPI Events Check.
[[0;32m  OK  [0m] Reached target Paths.
[   24.853985] cloud-init[968]: ci-info: |   lo   | True |          ::1/128           |       .       |  host  |         .         |
[[0;32m  OK  [0m] Started Daily apt download activities.
[[0;32m  OK  [0m] Started Daily apt upgrade and clean activities.
[   25.193376] cloud-init[968]: ci-info: +--------+------+----------------------------+---------------+--------+-------------------+
[   25.396926] [cloud-init[0;32m  OK  [0m[968]: ] ci-info: +++++++++++++++++++++++++++Route IPv4 info++++++++++++++++++++++++++++Reached target Timers.

[   25.398960]          cloud-initStarting Socket activation for snappy daemon.[968]: 
ci-info: +-------+-------------+----------+---------------+-----------+-------+
[   25.693307] [cloud-init[0;32m  OK  [0m[968]: ] ci-info: | Route | Destination | Gateway  |    Genmask    | Interface | Flags |Listening on LXD - unix socket.

[   25.695283] [cloud-init[0;32m  OK  [0m[968]: ] ci-info: +-------+-------------+----------+---------------+-----------+-------+Listening on Socket activation for snappy daemon.

[   25.905091] cloud-init[968]: ci-info: |   0   |   0.0.0.0   | 10.0.2.2 |    0.0.0.0    |   enp0s3  |   UG  |
[[0;32m  OK  [0m] Started iSCSI initiator daemon (iscsid).
[   25.908034] cloud-init[968]: ci-info: |   1   |   10.0.2.0  | 0.0.0.0  | 255.255.255.0 |   enp0s3  |   U   |
         [   26.171690] Starting Login to default iSCSI targets...
cloud-init[968]: ci-info: +-------+-------------+----------+---------------+-----------+-------+
[[0;32m  OK  [0m] Reached target Sockets.
[[0;32m  OK  [0m] Reached target Basic System.
[   26.239546] cloud-init[968]: ci-info: +++++++++++++++++++Route IPv6 info+++++++++++++++++++
         Starting System Logging Service...
[   26.384905] cloud-init[968]: ci-info: +-------+-------------+---------+-----------+-------+
[   26.485185] cloud-init[968]: ci-info: | Route | Destination | Gateway | Interface | Flags |
[[0;32m  OK  [0m] Started Deferred execution scheduler.
[   26.487537] cloud-init[968]: ci-info: +-------+-------------+---------+-----------+-------+
         Starting Accounts Service...
[   26.601625] cloud-init[968]: ci-info: |   0   |  fe80::/64  |    ::   |   enp0s3  |   U   |
[[0;32m  OK  [0m] Started Unattended Upgrades Shutdown.
[   26.623040] cloud-init[968]: ci-info: |   3   |   ff00::/8  |    ::   |   enp0s3  |   U   |
[   26.802419] cloud-init[968]: ci-info: +-------+-------------+---------+-----------+-------+
         Starting Virtualbox guest utils...
         Starting Snappy daemon...
[[0;32m  OK  [0m] Started FUSE filesystem for LXC.
         Starting OpenBSD Secure Shell server...
         Starting LSB: MD monitoring daemon...
         Starting Login Service...
         Starting LSB: Record successful boot for GRUB...
[[0;32m  OK  [0m] Started D-Bus System Message Bus.
[[0;32m  OK  [0m] Started ACPI event daemon.
         Starting /etc/rc.local Compatibility...
[[0;32m  OK  [0m] Started Regular background program processing daemon.
         Starting LXD - container startup/shutdown...
[[0;32m  OK  [0m] Started System Logging Service.
[[0;32m  OK  [0m] Started OpenBSD Secure Shell server.
[[0;32m  OK  [0m] Started Snappy daemon.
[[0;32m  OK  [0m] Started /etc/rc.local Compatibility.
[[0;32m  OK  [0m] Started Login to default iSCSI targets.
[[0;32m  OK  [0m] Started LXD - container startup/shutdown.
[[0;32m  OK  [0m] Started LSB: MD monitoring daemon.
[[0;32m  OK  [0m] Started LSB: Record successful boot for GRUB.
[[0;32m  OK  [0m] Started Virtualbox guest utils.
[[0;32m  OK  [0m] Started Login Service.
         Starting Authenticate and Authorize Users to Run Privileged Tasks...
[[0;32m  OK  [0m] Reached target Remote File Systems (Pre).
[[0;32m  OK  [0m] Reached target Remote File Systems.
         Starting Permit User Sessions...
         Starting LSB: automatic crash report generation...
         Starting LSB: Set the CPU Frequency Scaling governor to "ondemand"...
         Starting LSB: daemon to balance interrupts for SMP systems...
         Starting Wait until snapd is fully seeded...
[[0;32m  OK  [0m] Started Permit User Sessions.
[[0;32m  OK  [0m] Started Wait until snapd is fully seeded.
[[0;32m  OK  [0m] Started Authenticate and Authorize Users to Run Privileged Tasks.
[[0;32m  OK  [0m] Started Accounts Service.
[[0;32m  OK  [0m] Started LSB: Set the CPU Frequency Scaling governor to "ondemand".
[[0;32m  OK  [0m] Started LSB: automatic crash report generation.
[[0;32m  OK  [0m] Created slice User Slice of vagrant.
[[0;32m  OK  [0m] Started Session 1 of user vagrant.
         Starting User Manager for UID 1000...
         Starting Apply the settings specified in cloud-config...
         Starting Terminate Plymouth Boot Screen...
         Starting Hold until boot process finishes up...
[[0;32m  OK  [0m] Started User Manager for UID 1000.
[[0;32m  OK  [0m] Started LSB: daemon to balance interrupts for SMP systems.
[[0;32m  OK  [0m] Started Terminate Plymouth Boot Screen.
[[0;32m  OK  [0m] Started Hold until boot process finishes up.
         Starting Set console scheme...
[[0;32m  OK  [0m] Started Serial Getty on ttyS0.
[[0;32m  OK  [0m] Started Getty on tty1.
[[0;32m  OK  [0m] Reached target Login Prompts.
[[0;32m  OK  [0m] Reached target Multi-User System.
[[0;32m  OK  [0m] Reached target Graphical Interface.
         Starting Update UTMP about System Runlevel Changes...
[[0;32m  OK  [0m] Started Set console scheme.
[[0;32m  OK  [0m] Started Update UTMP about System Runlevel Changes.
[   29.707712] cloud-init[1207]: Cloud-init v. 18.3-9-g2e62cb8a-0ubuntu1~16.04.2 running 'modules:config' at Tue, 04 Sep 2018 11:22:49 +0000. Up 29.48 seconds.
[[0;32m  OK  [0m] Started Apply the settings specified in cloud-config.
         Starting Execute cloud user/final scripts...
[   31.145751] cloud-init[1293]: Cloud-init v. 18.3-9-g2e62cb8a-0ubuntu1~16.04.2 running 'modules:final' at Tue, 04 Sep 2018 11:22:51 +0000. Up 30.75 seconds.
[   31.264541] cloud-init[1293]: Cloud-init v. 18.3-9-g2e62cb8a-0ubuntu1~16.04.2 finished at Tue, 04 Sep 2018 11:22:51 +0000. Datasource DataSourceNoCloud [seed=/dev/sdb][dsmode=net].  Up 31.13 seconds
[[0;32m  OK  [0m] Started Execute cloud user/final scripts.
[[0;32m  OK  [0m] Reached target Cloud-init target.

Ubuntu 16.04.5 LTS ubuntu-xenial ttyS0

ubuntu-xenial login: 